(lambda (x₄) x₄)
(lambda (x₁₀) x₁₀)
(lambda (x) x)
